---
source: src/gdb_client/mod.rs
expression: subject.read_general_registers()?

---
[
    18446744073709551578,
    231,
    18446744073709551615,
    60,
    231,
    0,
    0,
    1746926912,
    18446744073709551368,
    1,
    34,
    582,
    139927336068656,
    1746927520,
    139927336069896,
    0,
]
